// Jest Snapshot v1, https://goo.gl/fbAQLP

exports[`<PostCard /> should match snapshot 1`] = `
.c3 {
  color: #000000;
  line-height: 1.2;
  font-size: 2.4rem;
  text-transform: none;
}

.c0 .c2 {
  margin: 1.6rem 0;
}

.c0 a {
  -webkit-text-decoration: none;
  text-decoration: none;
  color: inherit;
  -webkit-transition: color 0.3s ease-in-out;
  transition: color 0.3s ease-in-out;
}

.c0:hover a {
  color: #dc143c;
}

.c0:hover img {
  opacity: 0.8;
}

.c1 {
  max-width: 100%;
  -webkit-transition: opacity 0.3s ease-in-out;
  transition: opacity 0.3s ease-in-out;
}

<div>
  <div
    class="c0"
  >
    <a
      href="/post/como-utilizar-um-estado-dentro-do-use-effect"
    >
      <img
        alt=""
        class="c1"
        src="https://res.cloudinary.com/dlizakp2a/image/upload/v1614698965/Ubuntu_gel_by_Midge_Mantissa_Sinnaeve_7caea7ddb4.jpg"
      />
    </a>
    <h2
      class="c2 c3"
    >
      <a
        href="/post/como-utilizar-um-estado-dentro-do-use-effect"
      >
        Como utilizar um estado dentro do useEffect
      </a>
    </h2>
    <p
      class=""
    >
      Aprenda a melhor maneira de utilizar um estado dentro do useEffect sem criar loops ou afetar o desempenho da aplicação.
    </p>
  </div>
</div>
`;
