// Jest Snapshot v1, https://goo.gl/fbAQLP

exports[`<Header/> should match snapshot 1`] = `
Object {
  "asFragment": [Function],
  "baseElement": .c2 {
  color: #000000;
  line-height: 1.2;
  font-size: 2.4rem;
  text-transform: uppercase;
}

.c3 {
  display: -webkit-box;
  display: -webkit-flex;
  display: -ms-flexbox;
  display: flex;
  -webkit-align-items: center;
  -webkit-box-align: center;
  -ms-flex-align: center;
  align-items: center;
  -webkit-text-decoration: none;
  text-decoration: none;
  color: inherit;
}

.c3 > img {
  width: 15rem;
  height: 15rem;
  border-radius: 50%;
}

.c0 {
  display: -webkit-box;
  display: -webkit-flex;
  display: -ms-flexbox;
  display: flex;
  -webkit-align-items: center;
  -webkit-box-align: center;
  -ms-flex-align: center;
  align-items: center;
  -webkit-box-pack: center;
  -webkit-justify-content: center;
  -ms-flex-pack: center;
  justify-content: center;
  margin: 0 auto;
  padding-bottom: 6.4rem;
  width: 100%;
  max-width: 96rem;
  color: #333333;
  font-size: 1.6rem;
}

.c0 .c1 {
  margin: 0 0 calc(1.6rem - 1rem);
}

@media (max-width:360px) {
  .c0 {
    -webkit-flex-flow: column wrap;
    -ms-flex-flow: column wrap;
    flex-flow: column wrap;
  }

  .c0 > .c1 {
    margin: 0 0 2.4rem 0;
  }
}

<body>
    <div>
      <header
        class="c0"
      >
        <h1
          class="c1 c2"
        >
          <a
            class="c3"
            href="/"
            target="_self"
          >
            <img
              alt="Morrice - Blog"
              src="assets/images/teste.jpg"
            />
          </a>
        </h1>
      </header>
    </div>
  </body>,
  "container": <div>
    <header
      class="sc-dlnjwi bDQZOL"
    >
      <h1
        class="sc-bdnxRM htrKD"
      >
        <a
          class="sc-gtsrHT cNievg"
          href="/"
          target="_self"
        >
          <img
            alt="Morrice - Blog"
            src="assets/images/teste.jpg"
          />
        </a>
      </h1>
    </header>
  </div>,
  "debug": [Function],
  "findAllByAltText": [Function],
  "findAllByDisplayValue": [Function],
  "findAllByLabelText": [Function],
  "findAllByPlaceholderText": [Function],
  "findAllByRole": [Function],
  "findAllByTestId": [Function],
  "findAllByText": [Function],
  "findAllByTitle": [Function],
  "findByAltText": [Function],
  "findByDisplayValue": [Function],
  "findByLabelText": [Function],
  "findByPlaceholderText": [Function],
  "findByRole": [Function],
  "findByTestId": [Function],
  "findByText": [Function],
  "findByTitle": [Function],
  "getAllByAltText": [Function],
  "getAllByDisplayValue": [Function],
  "getAllByLabelText": [Function],
  "getAllByPlaceholderText": [Function],
  "getAllByRole": [Function],
  "getAllByTestId": [Function],
  "getAllByText": [Function],
  "getAllByTitle": [Function],
  "getByAltText": [Function],
  "getByDisplayValue": [Function],
  "getByLabelText": [Function],
  "getByPlaceholderText": [Function],
  "getByRole": [Function],
  "getByTestId": [Function],
  "getByText": [Function],
  "getByTitle": [Function],
  "queryAllByAltText": [Function],
  "queryAllByDisplayValue": [Function],
  "queryAllByLabelText": [Function],
  "queryAllByPlaceholderText": [Function],
  "queryAllByRole": [Function],
  "queryAllByTestId": [Function],
  "queryAllByText": [Function],
  "queryAllByTitle": [Function],
  "queryByAltText": [Function],
  "queryByDisplayValue": [Function],
  "queryByLabelText": [Function],
  "queryByPlaceholderText": [Function],
  "queryByRole": [Function],
  "queryByTestId": [Function],
  "queryByText": [Function],
  "queryByTitle": [Function],
  "rerender": [Function],
  "unmount": [Function],
}
`;
