// Jest Snapshot v1, https://goo.gl/fbAQLP

exports[`<PostGrid /> should match snapshot 1`] = `
.c5 {
  color: #000000;
  line-height: 1.2;
  font-size: 2.4rem;
  text-transform: none;
}

.c2 .c4 {
  margin: 1.6rem 0;
}

.c2 a {
  -webkit-text-decoration: none;
  text-decoration: none;
  color: inherit;
  -webkit-transition: color 0.3s ease-in-out;
  transition: color 0.3s ease-in-out;
}

.c2:hover a {
  color: #dc143c;
}

.c2:hover img {
  opacity: 0.8;
}

.c3 {
  max-width: 100%;
  -webkit-transition: opacity 0.3s ease-in-out;
  transition: opacity 0.3s ease-in-out;
}

.c0 {
  width: 100%;
}

.c1 {
  max-width: 120rem;
  margin: 0 auto;
  display: grid;
  grid-template-columns: repeat(auto-fill,minmax(28rem,1fr));
  gap: 3.2rem;
  padding: 3.2rem;
}

@media (max-width:360px) {
  .c1 {
    grid-template-columns: 1fr;
  }
}

<div>
  <div
    class="c0"
  >
    <div
      class="c1"
    >
      <div
        class="c2"
      >
        <a
          href="/post/como-utilizar-um-estado-dentro-do-use-effect"
        >
          <img
            alt=""
            class="c3"
            src="https://res.cloudinary.com/dlizakp2a/image/upload/v1614698965/Ubuntu_gel_by_Midge_Mantissa_Sinnaeve_7caea7ddb4.jpg"
          />
        </a>
        <h2
          class="c4 c5"
        >
          <a
            href="/post/como-utilizar-um-estado-dentro-do-use-effect"
          >
            Como utilizar um estado dentro do useEffect
          </a>
        </h2>
        <p
          class=""
        >
          Aprenda a melhor maneira de utilizar um estado dentro do useEffect sem criar loops ou afetar o desempenho da aplicação.
        </p>
      </div>
      <div
        class="c2"
      >
        <a
          href="/post/como-utilizar-hooks-do-react"
        >
          <img
            alt=""
            class="c3"
            src="https://res.cloudinary.com/dlizakp2a/image/upload/v1614698965/Ubuntu_gel_by_Midge_Mantissa_Sinnaeve_7caea7ddb4.jpg"
          />
        </a>
        <h2
          class="c4 c5"
        >
          <a
            href="/post/como-utilizar-hooks-do-react"
          >
            Como utilizar hooks do React
          </a>
        </h2>
        <p
          class=""
        >
          Aprenda de forma descomplicada a utilizar os React Hooks!
        </p>
      </div>
      <div
        class="c2"
      >
        <a
          href="/post/como-utilizar-hooks-do-react2"
        >
          <img
            alt=""
            class="c3"
            src="https://res.cloudinary.com/dlizakp2a/image/upload/v1614698965/Ubuntu_gel_by_Midge_Mantissa_Sinnaeve_7caea7ddb4.jpg"
          />
        </a>
        <h2
          class="c4 c5"
        >
          <a
            href="/post/como-utilizar-hooks-do-react2"
          >
            Como utilizar hooks do React2
          </a>
        </h2>
        <p
          class=""
        >
          Aprenda de forma descomplicada a utilizar os React Hooks2!
        </p>
      </div>
    </div>
  </div>
</div>
`;
